// Vitest Snapshot v1

exports[`first 1`] = `<span />`;
